// Jest Snapshot v1, https://goo.gl/fbAQLP

exports[`<Highlight /> should render headings and button 1`] = `
.c5 {
  display: inline-flex;
  align-items: center;
  justify-content: center;
  background: linear-gradient(180deg, #ff5f5f 0%, #f062c0 50%);
  color: #FAFAFA;
  cursor: pointer;
  border: 0;
  border-radius: 0.4rem;
  padding: 0.8rem;
  text-decoration: none;
  font-family: Poppins,-apple-system,BlinkMacSystemFont,'Segoe UI',Roboto,Oxygen,Ubuntu,Cantarell,'Open Sans','Helvetica Neue',sans-serif;
  height: 4rem;
  font-size: 1.4rem;
  padding: 0.8rem 3.2rem;
}

.c5:hover {
  background: linear-gradient(180deg, #e35565 0%, #d958a6 50%);
}

.c0 {
  position: relative;
  height: 23rem;
  display: grid;
  grid-template-areas: 'floatimage content';
  grid-template-columns: 1.3fr 2fr;
}

.c0::after {
  content: '';
  position: absolute;
  width: 100%;
  height: 100%;
  background-color: rgba(0, 0, 0, 0.6);
}

.c0 img {
  position: absolute;
  object-fit: cover;
}

.c0 .c1 {
  text-align: right;
}

.c2 {
  grid-area: content;
  z-index: 10;
  padding: 1.6rem;
}

.c3 {
  font-size: 1.8rem;
  font-weight: 600;
  color: #FAFAFA;
}

.c4 {
  font-size: 1.4rem;
  font-weight: 300;
  color: #FAFAFA;
  margin-bottom: 3.2rem;
}

@media (min-width: 768px) {
  .c0 {
    height: 32rem;
  }
}

@media (min-width: 768px) {
  .c2 {
    align-self: end;
    padding: 4.0rem;
  }
}

@media (min-width: 768px) {
  .c3 {
    font-size: 2.8rem;
  }
}

@media (min-width: 768px) {
  .c4 {
    font-size: 1.8rem;
  }
}

<section
  alignment="right"
  class="c0"
  data-cy="highlight"
>
  <img
    alt="Heading 1 background"
    data-nimg="fill"
    decoding="async"
    loading="lazy"
    sizes="100vw"
    src="/_next/image?url=%2Fimg%2Fred-dead-img.jpg&w=3840&q=75"
    srcset="/_next/image?url=%2Fimg%2Fred-dead-img.jpg&w=640&q=75 640w, /_next/image?url=%2Fimg%2Fred-dead-img.jpg&w=750&q=75 750w, /_next/image?url=%2Fimg%2Fred-dead-img.jpg&w=828&q=75 828w, /_next/image?url=%2Fimg%2Fred-dead-img.jpg&w=1080&q=75 1080w, /_next/image?url=%2Fimg%2Fred-dead-img.jpg&w=1200&q=75 1200w, /_next/image?url=%2Fimg%2Fred-dead-img.jpg&w=1920&q=75 1920w, /_next/image?url=%2Fimg%2Fred-dead-img.jpg&w=2048&q=75 2048w, /_next/image?url=%2Fimg%2Fred-dead-img.jpg&w=3840&q=75 3840w"
    style="position: absolute; height: 100%; width: 100%; left: 0px; top: 0px; right: 0px; bottom: 0px; color: transparent;"
  />
  <div
    class="c1 c2"
  >
    <h2
      class="c3"
    >
      Heading 1
    </h2>
    <h3
      class="c4"
    >
      Heading 2
    </h3>
    <a
      class="c5"
      href="/rdr2"
    >
      <span>
        Buy now
      </span>
    </a>
  </div>
</section>
`;
